<test-log library="" show-run-output="false" target-directory="tools/regression/test/run~pass.test/msvc-7.1/debug/link-static/threading-multi" test-name="run~pass"
    test-program=""
    test-type="" toolset="msvc-7.1">
    <compile result="fail" timestamp="xxx">
        run~pass.cpp

        call "C:\Program Files\Microsoft Visual Studio .NET 2003\Vc7\bin\vcvars32.bat" &gt;nul
        cl /Zm800 -nologo
        @"C:\users\Misha\Stuff\boost\boost\tools\regression\test\test-cases\incremental\actual\tools\regression\test\run~pass.test\msvc-7.1\debug\link-static\threading-multi\run~pass.obj.rsp"

    </compile>
</test-log>
